// Jest Snapshot v1, https://goo.gl/fbAQLP

exports[`Hello visual comp -- Snapshot captures a snapshot 1`] = `
<div
  className="sc-bdVaJa jdlAAa"
>
  <div
    className="greeting sc-bwzfXH uTxCW"
  >
    Hello 
    Tester!!!!!
  </div>
</div>
`;
